PCB statistics report
=====================
- Date: Sunday, June 07, 2026 at 01:38:30 AM
- Project: pitalk
- Board name: pitalk

Board
-----
- Width: 65.0000 mm
- Height: 55.0000 mm
- Area: 3575.00 mm²
- Front copper area: 208.428 mm²
- Back copper area: 207.771 mm²
- Min track clearance: 2147.4836 mm
- Min track width: 2147.4836 mm
- Min drill diameter: 1.0000 mm
- Board stackup thickness: 1.6000 mm

- Front footprint area: 1037.467 mm²
- Back footprint area: 296.079 mm²
- Front component density: 29.02 %
- Back component density: 8.28 %
Pads
----
- Through hole: 72
- SMD: 2
- Connector: 0
- NPTH: 4
- Castellated: 0
- Press-fit: 0

Vias
----
- Through vias: 0
- Blind vias: 0
- Buried vias: 0
- Micro vias: 0

Components
----------

|              | Front Side | Back Side | Total |
|--------------|------------|-----------|-------|
|THT:          |          5 |         0 |     5 |
|SMD:          |          1 |         0 |     1 |
|Unspecified:  |          4 |         0 |     4 |
|Total:        |         10 |         0 |    10 |

Drill holes
-----------

| Count | Shape |    X Size |    Y Size | Plated | Via/Pad | Start Layer | Stop Layer |
|-------|-------|-----------|-----------|--------|---------|-------------|------------|
|    57 | Round | 1.0000 mm | 1.0000 mm |    PTH |     Pad |        F.Cu |       B.Cu |
|    15 | Round | 1.1900 mm | 1.1900 mm |    PTH |     Pad |        F.Cu |       B.Cu |
|     4 | Round | 3.2000 mm | 3.2000 mm |   NPTH |     Pad |        F.Cu |       B.Cu |
