PCB statistics report
=====================
- Date: Thursday, May 28, 2026 at 03:47:10 AM
- Project: pitalk
- Board name: pitalk

Board
-----
- Width: 65.0000 mm
- Height: 55.0000 mm
- Area: 3575.00 mm²
- Front copper area: 205.962 mm²
- Back copper area: 203.559 mm²
- Min track clearance: 2147.4836 mm
- Min track width: 2147.4836 mm
- Min drill diameter: 1.0000 mm
- Board stackup thickness: 1.6000 mm

- Front footprint area: 1090.284 mm²
- Back footprint area: 287.253 mm²
- Front component density: 30.50 %
- Back component density: 8.04 %
Pads
----
- Through hole: 67
- SMD: 15
- Connector: 0
- NPTH: 4
- Castellated: 0
- Press-fit: 0

Vias
----
- Through vias: 0
- Blind vias: 0
- Buried vias: 0
- Micro vias: 0

Components
----------

|              | Front Side | Back Side | Total |
|--------------|------------|-----------|-------|
|THT:          |          5 |         0 |     5 |
|SMD:          |          4 |         0 |     4 |
|Unspecified:  |          4 |         0 |     4 |
|Total:        |         13 |         0 |    13 |

Drill holes
-----------

| Count | Shape |    X Size |    Y Size | Plated | Via/Pad | Start Layer | Stop Layer |
|-------|-------|-----------|-----------|--------|---------|-------------|------------|
|    50 | Round | 1.0000 mm | 1.0000 mm |    PTH |     Pad |        F.Cu |       B.Cu |
|    15 | Round | 1.1900 mm | 1.1900 mm |    PTH |     Pad |        F.Cu |       B.Cu |
|     4 | Round | 3.2000 mm | 3.2000 mm |   NPTH |     Pad |        F.Cu |       B.Cu |
|     2 | Round | 1.3000 mm | 1.3000 mm |    PTH |     Pad |        F.Cu |       B.Cu |
